2025/06/16 23:53:52 Error Log : open audio: is a directory
2025/06/16 23:54:20 Error Log : open audio: is a directory
open audio: is a directory
open audio: is a directory
2025/06/16 23:54:37 Error Log : open audio: is a directory
open audio: is a directory
open audio: is a directory
open audio: is a directory
open audio: is a directory
open audio: is a directory
2025/06/16 23:56:46 Error Log : open audio: is a directory
2025/06/16 23:57:43 Error Log : open audio: is a directory
2025/06/17 00:00:14 Error Log : open audio: is a directory
2025/06/17 00:01:06 Error Log : error, status code: 429, status: 429 Too Many Requests, message: You exceeded your current quota, please check your plan and billing details. For more information on this error, read the docs: https://platform.openai.com/docs/guides/error-codes/api-errors.
2025/06/17 00:16:55 Error Log : remove audio\20250616_235223.mp3: The process cannot access the file because it is being used by another process.
2025/06/17 00:29:21 Error Log : error, status code: 400, status: 400 Bad Request, message: [{'type': 'string_too_short', 'loc': ('body', 'input'), 'msg': 'String should have at least 1 character', 'input': '', 'ctx': {'min_length': 1}}]
2025/06/17 00:30:56 Error Log : error, status code: 400, status: 400 Bad Request, message: [{'type': 'string_too_short', 'loc': ('body', 'input'), 'msg': 'String should have at least 1 character', 'input': '', 'ctx': {'min_length': 1}}]
2025/06/17 00:32:14 Error Log : error, status code: 400, status: 400 Bad Request, message: [{'type': 'string_too_short', 'loc': ('body', 'input'), 'msg': 'String should have at least 1 character', 'input': '', 'ctx': {'min_length': 1}}]
2025/06/17 00:33:03 Error Log : error, status code: 400, status: 400 Bad Request, message: [{'type': 'string_too_short', 'loc': ('body', 'input'), 'msg': 'String should have at least 1 character', 'input': '', 'ctx': {'min_length': 1}}]
2025/06/21 20:30:08 Error Log : remove audio\20250616_235223.mp3: The process cannot access the file because it is being used by another process.
2025/06/21 21:21:08 Error Log : duplicated key not allowed; invalid transaction
2025/06/21 21:23:54 Error Log : duplicated key not allowed; invalid transaction
duplicated key not allowed; invalid transaction; invalid transaction; invalid transaction
2025/06/21 21:27:10 Error Log : duplicated key not allowed; invalid transaction
2025/06/21 21:48:34 Error Log : duplicated key not allowed; invalid transaction
duplicated key not allowed; invalid transaction; invalid transaction; invalid transaction
2025/06/22 18:15:55 Error Log : remove audio\20250616_235223.mp3: The process cannot access the file because it is being used by another process.
2025/06/22 18:16:19 Error Log : remove audio\20250616_235223.mp3: The process cannot access the file because it is being used by another process.
2025/06/22 18:19:01 Error Log : open ./images/foto-pacarku.jpg: The system cannot find the path specified.
2025/06/22 21:51:05 Error Log : error, status code: 400, status: 400 Bad Request, message: Invalid file format. Supported formats: ['flac', 'm4a', 'mp3', 'mp4', 'mpeg', 'mpga', 'oga', 'ogg', 'wav', 'webm']
2025/06/22 22:06:00 Error Log : error, status code: 400, status: 400 Bad Request, message: Invalid file format. Supported formats: ['flac', 'm4a', 'mp3', 'mp4', 'mpeg', 'mpga', 'oga', 'ogg', 'wav', 'webm']
2025/06/22 22:06:37 Error Log : error, status code: 400, status: 400 Bad Request, message: Invalid file format. Supported formats: ['flac', 'm4a', 'mp3', 'mp4', 'mpeg', 'mpga', 'oga', 'ogg', 'wav', 'webm']
2025/06/23 15:09:33 Error Log : error, status code: 400, status: 400 Bad Request, message: Invalid file format. Supported formats: ['flac', 'm4a', 'mp3', 'mp4', 'mpeg', 'mpga', 'oga', 'ogg', 'wav', 'webm']
2025/06/23 21:55:35 Error Log : error, status code: 400, status: 400 Bad Request, message: Invalid file format. Supported formats: ['flac', 'm4a', 'mp3', 'mp4', 'mpeg', 'mpga', 'oga', 'ogg', 'wav', 'webm']
